// Jest Snapshot v1, https://goo.gl/fbAQLP

exports[`vIDUser Get User - Has user (not self) 1`] = `
<div class="get_user">
  <h1 class="title">
    MyAccount Test User
  </h1>
  <div class="profile_info">
    <div class="view_user">
      <div class="userInfo narrow_content">
      </div>
      <div class="el-divider el-divider--horizontal viewUserDivider">
      </div>
      <div class="viewUserTrips">
        <h2>
          Trips
        </h2>
        <div class="trip_preview_card">
          <a class="tripLink"
             href="/trip/view/-1"
          >
            <div class="n-card n-card--bordered n-card--hoverable tripPreviewCard"
                 style="--n-bezier: cubic-bezier(.4, 0, .2, 1); --n-border-radius: 3px; --n-color: #fff; --n-color-modal: #fff; --n-color-popover: #fff; --n-color-target: #18a058; --n-text-color: rgb(51, 54, 57); --n-line-height: 1.6; --n-action-color: rgb(250, 250, 252); --n-title-text-color: rgb(31, 34, 37); --n-title-font-weight: 500; --n-close-color: rgba(122, 122, 122, 1); --n-close-color-hover: rgba(89, 89, 89, 1); --n-close-color-pressed: rgba(149, 149, 149, 1); --n-border-color: rgb(239, 239, 245); --n-box-shadow: 0 1px 2px -2px rgba(0, 0, 0, .08), 0 3px 6px 0 rgba(0, 0, 0, .06), 0 5px 12px 4px rgba(0, 0, 0, .04); --n-padding-top: 19px; --n-padding-bottom: 20px; --n-padding-left: 24px; --n-font-size: 14px; --n-title-font-size: 18px; --n-close-size: 18px;"
            >
              <div class="n-card__content"
                   style="padding: 0px;"
                   role="none"
              >
                <h3 class="tripTitleName">
                </h3>
                <div role="separator"
                     class="n-divider n-divider--no-title"
                     style="--n-bezier: cubic-bezier(.4, 0, .2, 1); --n-color: rgb(239, 239, 245); --n-text-color: rgb(31, 34, 37); --n-font-weight: 500;"
                >
                  <div class="n-divider__line n-divider__line--left">
                  </div>
                </div>
                <div class="tripPreviewInfo">
                  <p>
                    <a class="tripPreviewUserProfileLink"
                       href="/user/-1"
                       type="primary"
                    >
                    </a>
                  </p>
                  <div class="cityTags">
                  </div>
                  <p>
                    Last Updated: Mon Jan 03 2022
                  </p>
                </div>
                <div class="endOfCardPadding">
                </div>
              </div>
            </div>
          </a>
        </div>
      </div>
    </div>
  </div>
</div>
`;

exports[`vIDUser Get User - Has user (self) 1`] = `
<div class="get_user">
  <h1 class="title">
    MyAccount Test User
  </h1>
  <div class="profile_info">
    <div class="view_user">
      <div class="userInfo narrow_content">
      </div>
      <div class="el-divider el-divider--horizontal viewUserDivider">
      </div>
      <div class="viewUserTrips">
        <h2>
          Trips
        </h2>
        <div class="trip_preview_card">
          <a class="tripLink"
             href="/trip/view/-1"
          >
            <div class="n-card n-card--bordered n-card--hoverable tripPreviewCard"
                 style="--n-bezier: cubic-bezier(.4, 0, .2, 1); --n-border-radius: 3px; --n-color: #fff; --n-color-modal: #fff; --n-color-popover: #fff; --n-color-target: #18a058; --n-text-color: rgb(51, 54, 57); --n-line-height: 1.6; --n-action-color: rgb(250, 250, 252); --n-title-text-color: rgb(31, 34, 37); --n-title-font-weight: 500; --n-close-color: rgba(122, 122, 122, 1); --n-close-color-hover: rgba(89, 89, 89, 1); --n-close-color-pressed: rgba(149, 149, 149, 1); --n-border-color: rgb(239, 239, 245); --n-box-shadow: 0 1px 2px -2px rgba(0, 0, 0, .08), 0 3px 6px 0 rgba(0, 0, 0, .06), 0 5px 12px 4px rgba(0, 0, 0, .04); --n-padding-top: 19px; --n-padding-bottom: 20px; --n-padding-left: 24px; --n-font-size: 14px; --n-title-font-size: 18px; --n-close-size: 18px;"
            >
              <div class="n-card__content"
                   style="padding: 0px;"
                   role="none"
              >
                <h3 class="tripTitleName">
                </h3>
                <div role="separator"
                     class="n-divider n-divider--no-title"
                     style="--n-bezier: cubic-bezier(.4, 0, .2, 1); --n-color: rgb(239, 239, 245); --n-text-color: rgb(31, 34, 37); --n-font-weight: 500;"
                >
                  <div class="n-divider__line n-divider__line--left">
                  </div>
                </div>
                <div class="tripPreviewInfo">
                  <p>
                    <a class="tripPreviewUserProfileLink"
                       href="/user/-1"
                       type="primary"
                    >
                    </a>
                  </p>
                  <div class="cityTags">
                  </div>
                  <p>
                    Last Updated: Mon Jan 03 2022
                  </p>
                </div>
                <div class="endOfCardPadding">
                </div>
              </div>
            </div>
          </a>
        </div>
      </div>
    </div>
  </div>
</div>
`;

exports[`vIDUser Get User - Not found 1`] = `
<div class="get_user">
  <h1 class="title">
  </h1>
  <div class="profile_info">
    <div class="view_user">
      <div class="userInfo narrow_content">
      </div>
      <div class="el-divider el-divider--horizontal viewUserDivider">
      </div>
    </div>
  </div>
</div>
`;
